{"level":"INFO","message":"[6:58:46.903 PM]: Creating new connection object"}
{"level":"INFO","message":"[6:58:47.013 PM]: Creating new connection object"}
{"level":"INFO","message":"[4:24:42.200 PM]: Creating new connection object"}
{"level":"INFO","message":"[4:24:42.244 PM]: Creating Connection[id: 6068b11d-c915-42b6-86e1-9149986a833e] with host: ngjuiph-sob34377.snowflakecomputing.com, account: ngjuiph-sob34377, accessUrl: https://ngjuiph-sob34377.snowflakecomputing.com, user: RE2_INGEST_BOT, role: ACCOUNTADMIN, database: RE2_PROD_DB, schema: ANALYTICS, warehouse: COMPUTE_WH, proxy was not configured, password is not provided, region: undefined, authenticator: OAUTH, ocsp mode: FAIL_OPEN, os: win32, os version: 10.0.26200"}
{"level":"INFO","message":"[4:24:42.246 PM]: Connection[id: 6068b11d-c915-42b6-86e1-9149986a833e] additional details: passcode in password is provided, passcode is not provided, private key is not provided, application: undefined, client name: snowflake-sdk, client version: 2.4.3, retry timeout: 300, private key path: undefined, private key pass is not provided, client store temporary credential: false, browser response timeout: 120000"}
{"level":"INFO","message":"[4:24:42.247 PM]: Connection[id: 6068b11d-c915-42b6-86e1-9149986a833e] - connection object created successfully."}
{"level":"INFO","message":"[4:24:42.248 PM]: Connection[id: 6068b11d-c915-42b6-86e1-9149986a833e] - async connecting. Associated Snowflake domain: GLOBAL"}
{"level":"INFO","message":"[4:24:42.249 PM]: Trying to initialize Easy Logging"}
{"level":"INFO","message":"[4:24:42.275 PM]: No client config detected."}
{"level":"INFO","message":"[4:24:42.276 PM]: No config file path found. Client config will not be used."}
{"level":"INFO","message":"[4:24:42.276 PM]: Easy Logging is disabled as no config has been found"}
{"level":"INFO","message":"[4:24:42.277 PM]: Connection[id: 6068b11d-c915-42b6-86e1-9149986a833e] - authentication successful using: OAUTH"}
{"level":"ERROR","message":"[4:24:43.803 PM]: Connection[id: 6068b11d-c915-42b6-86e1-9149986a833e] - connection failed after 1555.2 milliseconds. Error: Invalid OAuth access token. "}
{"level":"INFO","message":"[4:24:57.145 PM]: Creating new connection object"}
{"level":"INFO","message":"[4:24:57.199 PM]: Creating Connection[id: 570e13bf-6602-4513-9bc7-ba84dceeb1af] with host: ngjuiph-sob34377.snowflakecomputing.com, account: ngjuiph-sob34377, accessUrl: https://ngjuiph-sob34377.snowflakecomputing.com, user: RE2_INGEST_BOT, role: ACCOUNTADMIN, database: RE2_PROD_DB, schema: ANALYTICS, warehouse: COMPUTE_WH, proxy was not configured, password is not provided, region: undefined, authenticator: OAUTH, ocsp mode: FAIL_OPEN, os: win32, os version: 10.0.26200"}
{"level":"INFO","message":"[4:24:57.200 PM]: Connection[id: 570e13bf-6602-4513-9bc7-ba84dceeb1af] additional details: passcode in password is provided, passcode is not provided, private key is not provided, application: undefined, client name: snowflake-sdk, client version: 2.4.3, retry timeout: 300, private key path: undefined, private key pass is not provided, client store temporary credential: false, browser response timeout: 120000"}
{"level":"INFO","message":"[4:24:57.201 PM]: Connection[id: 570e13bf-6602-4513-9bc7-ba84dceeb1af] - connection object created successfully."}
{"level":"INFO","message":"[4:24:57.203 PM]: Connection[id: 570e13bf-6602-4513-9bc7-ba84dceeb1af] - async connecting. Associated Snowflake domain: GLOBAL"}
{"level":"INFO","message":"[4:24:57.205 PM]: Trying to initialize Easy Logging"}
{"level":"INFO","message":"[4:24:57.234 PM]: No client config detected."}
{"level":"INFO","message":"[4:24:57.235 PM]: No config file path found. Client config will not be used."}
{"level":"INFO","message":"[4:24:57.236 PM]: Easy Logging is disabled as no config has been found"}
{"level":"INFO","message":"[4:24:57.238 PM]: Connection[id: 570e13bf-6602-4513-9bc7-ba84dceeb1af] - authentication successful using: OAUTH"}
{"level":"ERROR","message":"[4:24:58.280 PM]: Connection[id: 570e13bf-6602-4513-9bc7-ba84dceeb1af] - connection failed after 1076.73 milliseconds. Error: Invalid OAuth access token. [2cc4ef8a-0b6a-4921-87a8-d742c77c3061]"}
{"level":"INFO","message":"[4:25:14.844 PM]: Creating new connection object"}
{"level":"INFO","message":"[4:25:14.881 PM]: Creating Connection[id: 10342b80-b335-488e-977f-a62312bf8885] with host: ngjuiph-sob34377.snowflakecomputing.com, account: ngjuiph-sob34377, accessUrl: https://ngjuiph-sob34377.snowflakecomputing.com, user: RE2_INGEST_BOT, role: ACCOUNTADMIN, database: RE2_PROD_DB, schema: ANALYTICS, warehouse: COMPUTE_WH, proxy was not configured, password is provided, region: undefined, authenticator: SNOWFLAKE, ocsp mode: FAIL_OPEN, os: win32, os version: 10.0.26200"}
{"level":"INFO","message":"[4:25:14.882 PM]: Connection[id: 10342b80-b335-488e-977f-a62312bf8885] additional details: passcode in password is provided, passcode is not provided, private key is not provided, application: undefined, client name: snowflake-sdk, client version: 2.4.3, retry timeout: 300, private key path: undefined, private key pass is not provided, client store temporary credential: false, browser response timeout: 120000"}
{"level":"INFO","message":"[4:25:14.883 PM]: Connection[id: 10342b80-b335-488e-977f-a62312bf8885] - connection object created successfully."}
{"level":"INFO","message":"[4:25:14.884 PM]: Connection[id: 10342b80-b335-488e-977f-a62312bf8885] - async connecting. Associated Snowflake domain: GLOBAL"}
{"level":"INFO","message":"[4:25:14.885 PM]: Trying to initialize Easy Logging"}
{"level":"INFO","message":"[4:25:14.907 PM]: No client config detected."}
{"level":"INFO","message":"[4:25:14.907 PM]: No config file path found. Client config will not be used."}
{"level":"INFO","message":"[4:25:14.908 PM]: Easy Logging is disabled as no config has been found"}
{"level":"INFO","message":"[4:25:14.909 PM]: Connection[id: 10342b80-b335-488e-977f-a62312bf8885] - authentication successful using: SNOWFLAKE"}
{"level":"ERROR","message":"[4:25:15.910 PM]: Connection[id: 10342b80-b335-488e-977f-a62312bf8885] - connection failed after 1026.05 milliseconds. Error: Incorrect username or password was specified."}
{"level":"INFO","message":"[5:03:18.920 PM]: Creating new connection object"}
{"level":"INFO","message":"[5:03:18.954 PM]: Creating Connection[id: ae9d914e-1a04-4e8c-9dac-52b863ad9b4b] with host: ngjuiph-sob34377.snowflakecomputing.com, account: ngjuiph-sob34377, accessUrl: https://ngjuiph-sob34377.snowflakecomputing.com, user: RE2_INGEST_BOT, role: ACCOUNTADMIN, database: RE2_PROD_DB, schema: ANALYTICS, warehouse: COMPUTE_WH, proxy was not configured, password is provided, region: undefined, authenticator: SNOWFLAKE, ocsp mode: FAIL_OPEN, os: win32, os version: 10.0.26200"}
{"level":"INFO","message":"[5:03:18.955 PM]: Connection[id: ae9d914e-1a04-4e8c-9dac-52b863ad9b4b] additional details: passcode in password is provided, passcode is not provided, private key is not provided, application: undefined, client name: snowflake-sdk, client version: 2.4.3, retry timeout: 300, private key path: undefined, private key pass is not provided, client store temporary credential: false, browser response timeout: 120000"}
{"level":"INFO","message":"[5:03:18.955 PM]: Connection[id: ae9d914e-1a04-4e8c-9dac-52b863ad9b4b] - connection object created successfully."}
{"level":"INFO","message":"[5:03:18.956 PM]: Connection[id: ae9d914e-1a04-4e8c-9dac-52b863ad9b4b] - async connecting. Associated Snowflake domain: GLOBAL"}
{"level":"INFO","message":"[5:03:18.957 PM]: Trying to initialize Easy Logging"}
{"level":"INFO","message":"[5:03:18.975 PM]: No client config detected."}
{"level":"INFO","message":"[5:03:18.976 PM]: No config file path found. Client config will not be used."}
{"level":"INFO","message":"[5:03:18.976 PM]: Easy Logging is disabled as no config has been found"}
{"level":"INFO","message":"[5:03:18.977 PM]: Connection[id: ae9d914e-1a04-4e8c-9dac-52b863ad9b4b] - authentication successful using: SNOWFLAKE"}
{"level":"ERROR","message":"[5:03:20.023 PM]: Connection[id: ae9d914e-1a04-4e8c-9dac-52b863ad9b4b] - connection failed after 1066.76 milliseconds. Error: Incorrect username or password was specified."}
{"level":"INFO","message":"[5:03:38.350 PM]: Creating new connection object"}
{"level":"INFO","message":"[5:03:38.384 PM]: Creating Connection[id: 5444dc7e-6397-4845-b0ab-ffb172565958] with host: ngjuiph-sob34377.snowflakecomputing.com, account: ngjuiph-sob34377, accessUrl: https://ngjuiph-sob34377.snowflakecomputing.com, user: RE2_INGEST_BOT, role: ACCOUNTADMIN, database: RE2_PROD_DB, schema: ANALYTICS, warehouse: COMPUTE_WH, proxy was not configured, password is not provided, region: undefined, authenticator: OAUTH, ocsp mode: FAIL_OPEN, os: win32, os version: 10.0.26200"}
{"level":"INFO","message":"[5:03:38.385 PM]: Connection[id: 5444dc7e-6397-4845-b0ab-ffb172565958] additional details: passcode in password is provided, passcode is not provided, private key is not provided, application: undefined, client name: snowflake-sdk, client version: 2.4.3, retry timeout: 300, private key path: undefined, private key pass is not provided, client store temporary credential: false, browser response timeout: 120000"}
{"level":"INFO","message":"[5:03:38.386 PM]: Connection[id: 5444dc7e-6397-4845-b0ab-ffb172565958] - connection object created successfully."}
{"level":"INFO","message":"[5:03:38.387 PM]: Connection[id: 5444dc7e-6397-4845-b0ab-ffb172565958] - async connecting. Associated Snowflake domain: GLOBAL"}
{"level":"INFO","message":"[5:03:38.388 PM]: Trying to initialize Easy Logging"}
{"level":"INFO","message":"[5:03:38.405 PM]: No client config detected."}
{"level":"INFO","message":"[5:03:38.405 PM]: No config file path found. Client config will not be used."}
{"level":"INFO","message":"[5:03:38.406 PM]: Easy Logging is disabled as no config has been found"}
{"level":"INFO","message":"[5:03:38.407 PM]: Connection[id: 5444dc7e-6397-4845-b0ab-ffb172565958] - authentication successful using: OAUTH"}
{"level":"ERROR","message":"[5:03:39.181 PM]: Connection[id: 5444dc7e-6397-4845-b0ab-ffb172565958] - connection failed after 794.55 milliseconds. Error: Invalid OAuth access token. "}
{"level":"INFO","message":"[5:04:31.162 PM]: Creating new connection object"}
{"level":"INFO","message":"[5:04:31.195 PM]: Creating Connection[id: 2f553e30-1e3a-4c78-8975-c4638cf05bc9] with host: ngjuiph-sob34377.snowflakecomputing.com, account: ngjuiph-sob34377, accessUrl: https://ngjuiph-sob34377.snowflakecomputing.com, user: RE2_INGEST_BOT, role: ACCOUNTADMIN, database: RE2_PROD_DB, schema: ANALYTICS, warehouse: COMPUTE_WH, proxy was not configured, password is not provided, region: undefined, authenticator: OAUTH, ocsp mode: FAIL_OPEN, os: win32, os version: 10.0.26200"}
{"level":"INFO","message":"[5:04:31.196 PM]: Connection[id: 2f553e30-1e3a-4c78-8975-c4638cf05bc9] additional details: passcode in password is provided, passcode is not provided, private key is not provided, application: undefined, client name: snowflake-sdk, client version: 2.4.3, retry timeout: 300, private key path: undefined, private key pass is not provided, client store temporary credential: false, browser response timeout: 120000"}
{"level":"INFO","message":"[5:04:31.197 PM]: Connection[id: 2f553e30-1e3a-4c78-8975-c4638cf05bc9] - connection object created successfully."}
{"level":"INFO","message":"[5:04:31.198 PM]: Connection[id: 2f553e30-1e3a-4c78-8975-c4638cf05bc9] - async connecting. Associated Snowflake domain: GLOBAL"}
{"level":"INFO","message":"[5:04:31.199 PM]: Trying to initialize Easy Logging"}
{"level":"INFO","message":"[5:04:31.216 PM]: No client config detected."}
{"level":"INFO","message":"[5:04:31.217 PM]: No config file path found. Client config will not be used."}
{"level":"INFO","message":"[5:04:31.217 PM]: Easy Logging is disabled as no config has been found"}
{"level":"INFO","message":"[5:04:31.218 PM]: Connection[id: 2f553e30-1e3a-4c78-8975-c4638cf05bc9] - authentication successful using: OAUTH"}
{"level":"ERROR","message":"[5:04:32.166 PM]: Connection[id: 2f553e30-1e3a-4c78-8975-c4638cf05bc9] - connection failed after 968.08 milliseconds. Error: Invalid OAuth access token. [9c971e09-a030-4293-8f94-2567e74b16aa]"}
{"level":"INFO","message":"[5:05:48.811 PM]: Creating new connection object"}
{"level":"INFO","message":"[5:05:48.847 PM]: Creating Connection[id: d5f00a31-2f17-4860-a286-62688c9c8e48] with host: ngjuiph-sob34377.snowflakecomputing.com, account: ngjuiph-sob34377, accessUrl: https://ngjuiph-sob34377.snowflakecomputing.com, user: RE2_INGEST_BOT, role: ACCOUNTADMIN, database: RE2_PROD_DB, schema: ANALYTICS, warehouse: COMPUTE_WH, proxy was not configured, password is not provided, region: undefined, authenticator: PROGRAMMATIC_ACCESS_TOKEN, ocsp mode: FAIL_OPEN, os: win32, os version: 10.0.26200"}
{"level":"INFO","message":"[5:05:48.848 PM]: Connection[id: d5f00a31-2f17-4860-a286-62688c9c8e48] additional details: passcode in password is provided, passcode is not provided, private key is not provided, application: undefined, client name: snowflake-sdk, client version: 2.4.3, retry timeout: 300, private key path: undefined, private key pass is not provided, client store temporary credential: false, browser response timeout: 120000"}
{"level":"INFO","message":"[5:05:48.849 PM]: Connection[id: d5f00a31-2f17-4860-a286-62688c9c8e48] - connection object created successfully."}
{"level":"INFO","message":"[5:05:48.850 PM]: Connection[id: d5f00a31-2f17-4860-a286-62688c9c8e48] - async connecting. Associated Snowflake domain: GLOBAL"}
{"level":"INFO","message":"[5:05:48.851 PM]: Trying to initialize Easy Logging"}
{"level":"INFO","message":"[5:05:48.870 PM]: No client config detected."}
{"level":"INFO","message":"[5:05:48.871 PM]: No config file path found. Client config will not be used."}
{"level":"INFO","message":"[5:05:48.871 PM]: Easy Logging is disabled as no config has been found"}
{"level":"INFO","message":"[5:05:48.872 PM]: Connection[id: d5f00a31-2f17-4860-a286-62688c9c8e48] - authentication successful using: PROGRAMMATIC_ACCESS_TOKEN"}
{"level":"ERROR","message":"[5:05:49.802 PM]: Connection[id: d5f00a31-2f17-4860-a286-62688c9c8e48] - connection failed after 952.41 milliseconds. Error: Programmatic access token is invalid."}
{"level":"INFO","message":"[5:06:07.224 PM]: Creating new connection object"}
{"level":"INFO","message":"[5:06:07.256 PM]: Creating Connection[id: ed4124b4-63a3-499b-b6cb-abc2d02a1a76] with host: ngjuiph-sob34377.snowflakecomputing.com, account: ngjuiph-sob34377, accessUrl: https://ngjuiph-sob34377.snowflakecomputing.com, user: RE2_INGEST_BOT, role: ACCOUNTADMIN, database: RE2_PROD_DB, schema: ANALYTICS, warehouse: COMPUTE_WH, proxy was not configured, password is not provided, region: undefined, authenticator: PROGRAMMATIC_ACCESS_TOKEN, ocsp mode: FAIL_OPEN, os: win32, os version: 10.0.26200"}
{"level":"INFO","message":"[5:06:07.257 PM]: Connection[id: ed4124b4-63a3-499b-b6cb-abc2d02a1a76] additional details: passcode in password is provided, passcode is not provided, private key is not provided, application: undefined, client name: snowflake-sdk, client version: 2.4.3, retry timeout: 300, private key path: undefined, private key pass is not provided, client store temporary credential: false, browser response timeout: 120000"}
{"level":"INFO","message":"[5:06:07.258 PM]: Connection[id: ed4124b4-63a3-499b-b6cb-abc2d02a1a76] - connection object created successfully."}
{"level":"INFO","message":"[5:06:07.259 PM]: Connection[id: ed4124b4-63a3-499b-b6cb-abc2d02a1a76] - async connecting. Associated Snowflake domain: GLOBAL"}
{"level":"INFO","message":"[5:06:07.260 PM]: Trying to initialize Easy Logging"}
{"level":"INFO","message":"[5:06:07.280 PM]: No client config detected."}
{"level":"INFO","message":"[5:06:07.281 PM]: No config file path found. Client config will not be used."}
{"level":"INFO","message":"[5:06:07.281 PM]: Easy Logging is disabled as no config has been found"}
{"level":"INFO","message":"[5:06:07.282 PM]: Connection[id: ed4124b4-63a3-499b-b6cb-abc2d02a1a76] - authentication successful using: PROGRAMMATIC_ACCESS_TOKEN"}
{"level":"ERROR","message":"[5:06:08.350 PM]: Connection[id: ed4124b4-63a3-499b-b6cb-abc2d02a1a76] - connection failed after 1091.2 milliseconds. Error: Role 'ACCOUNTADMIN' specified in the connect string is not granted to this user, or is not permitted for the credentials being used. Contact your local system administrator, or attempt to login with another role, e.g. PUBLIC."}
{"level":"INFO","message":"[5:15:49.653 PM]: Creating new connection object"}
{"level":"INFO","message":"[5:15:49.671 PM]: Creating Connection[id: 6de37e64-a97b-4c8a-936e-02fdabfc0aa5] with host: ngjuiph-sob34377.snowflakecomputing.com, account: ngjuiph-sob34377, accessUrl: https://ngjuiph-sob34377.snowflakecomputing.com, user: RE2_INGEST_BOT, role: undefined, database: RE2_PROD_DB, schema: ANALYTICS, warehouse: COMPUTE_WH, proxy was not configured, password is not provided, region: undefined, authenticator: PROGRAMMATIC_ACCESS_TOKEN, ocsp mode: FAIL_OPEN, os: win32, os version: 10.0.26200"}
{"level":"INFO","message":"[5:15:49.671 PM]: Connection[id: 6de37e64-a97b-4c8a-936e-02fdabfc0aa5] additional details: passcode in password is provided, passcode is not provided, private key is not provided, application: undefined, client name: snowflake-sdk, client version: 2.4.3, retry timeout: 300, private key path: undefined, private key pass is not provided, client store temporary credential: false, browser response timeout: 120000"}
{"level":"INFO","message":"[5:15:49.672 PM]: Connection[id: 6de37e64-a97b-4c8a-936e-02fdabfc0aa5] - connection object created successfully."}
{"level":"INFO","message":"[5:15:49.672 PM]: Connection[id: 6de37e64-a97b-4c8a-936e-02fdabfc0aa5] - async connecting. Associated Snowflake domain: GLOBAL"}
{"level":"INFO","message":"[5:15:49.673 PM]: Trying to initialize Easy Logging"}
{"level":"INFO","message":"[5:15:49.682 PM]: No client config detected."}
{"level":"INFO","message":"[5:15:49.682 PM]: No config file path found. Client config will not be used."}
{"level":"INFO","message":"[5:15:49.683 PM]: Easy Logging is disabled as no config has been found"}
{"level":"INFO","message":"[5:15:49.683 PM]: Connection[id: 6de37e64-a97b-4c8a-936e-02fdabfc0aa5] - authentication successful using: PROGRAMMATIC_ACCESS_TOKEN"}
{"level":"INFO","message":"[5:15:50.490 PM]: Connection[id: 6de37e64-a97b-4c8a-936e-02fdabfc0aa5] - connection established successfully after 818.04 milliseconds"}
{"level":"INFO","message":"[5:16:10.692 PM]: Creating new connection object"}
{"level":"INFO","message":"[5:16:10.709 PM]: Creating Connection[id: 032d6645-8685-4587-90b9-ae2fdb3e37a6] with host: ngjuiph-sob34377.snowflakecomputing.com, account: ngjuiph-sob34377, accessUrl: https://ngjuiph-sob34377.snowflakecomputing.com, user: RE2_INGEST_BOT, role: undefined, database: undefined, schema: undefined, warehouse: undefined, proxy was not configured, password is not provided, region: undefined, authenticator: PROGRAMMATIC_ACCESS_TOKEN, ocsp mode: FAIL_OPEN, os: win32, os version: 10.0.26200"}
{"level":"INFO","message":"[5:16:10.710 PM]: Connection[id: 032d6645-8685-4587-90b9-ae2fdb3e37a6] additional details: passcode in password is provided, passcode is not provided, private key is not provided, application: undefined, client name: snowflake-sdk, client version: 2.4.3, retry timeout: 300, private key path: undefined, private key pass is not provided, client store temporary credential: false, browser response timeout: 120000"}
{"level":"INFO","message":"[5:16:10.710 PM]: Connection[id: 032d6645-8685-4587-90b9-ae2fdb3e37a6] - connection object created successfully."}
{"level":"INFO","message":"[5:16:10.711 PM]: Connection[id: 032d6645-8685-4587-90b9-ae2fdb3e37a6] - async connecting. Associated Snowflake domain: GLOBAL"}
{"level":"INFO","message":"[5:16:10.711 PM]: Trying to initialize Easy Logging"}
{"level":"INFO","message":"[5:16:10.721 PM]: No client config detected."}
{"level":"INFO","message":"[5:16:10.721 PM]: No config file path found. Client config will not be used."}
{"level":"INFO","message":"[5:16:10.721 PM]: Easy Logging is disabled as no config has been found"}
{"level":"INFO","message":"[5:16:10.722 PM]: Connection[id: 032d6645-8685-4587-90b9-ae2fdb3e37a6] - authentication successful using: PROGRAMMATIC_ACCESS_TOKEN"}
{"level":"INFO","message":"[5:16:11.707 PM]: Connection[id: 032d6645-8685-4587-90b9-ae2fdb3e37a6] - connection established successfully after 996.71 milliseconds"}
{"level":"INFO","message":"[5:16:22.529 PM]: Creating new connection object"}
{"level":"INFO","message":"[5:16:22.551 PM]: Creating Connection[id: 0fc1a79f-2980-4c9e-9ad1-aff522009e72] with host: ngjuiph-sob34377.snowflakecomputing.com, account: ngjuiph-sob34377, accessUrl: https://ngjuiph-sob34377.snowflakecomputing.com, user: RE2_INGEST_BOT, role: undefined, database: undefined, schema: undefined, warehouse: undefined, proxy was not configured, password is not provided, region: undefined, authenticator: PROGRAMMATIC_ACCESS_TOKEN, ocsp mode: FAIL_OPEN, os: win32, os version: 10.0.26200"}
{"level":"INFO","message":"[5:16:22.552 PM]: Connection[id: 0fc1a79f-2980-4c9e-9ad1-aff522009e72] additional details: passcode in password is provided, passcode is not provided, private key is not provided, application: undefined, client name: snowflake-sdk, client version: 2.4.3, retry timeout: 300, private key path: undefined, private key pass is not provided, client store temporary credential: false, browser response timeout: 120000"}
{"level":"INFO","message":"[5:16:22.552 PM]: Connection[id: 0fc1a79f-2980-4c9e-9ad1-aff522009e72] - connection object created successfully."}
{"level":"INFO","message":"[5:16:22.553 PM]: Connection[id: 0fc1a79f-2980-4c9e-9ad1-aff522009e72] - async connecting. Associated Snowflake domain: GLOBAL"}
{"level":"INFO","message":"[5:16:22.553 PM]: Trying to initialize Easy Logging"}
{"level":"INFO","message":"[5:16:22.564 PM]: No client config detected."}
{"level":"INFO","message":"[5:16:22.564 PM]: No config file path found. Client config will not be used."}
{"level":"INFO","message":"[5:16:22.564 PM]: Easy Logging is disabled as no config has been found"}
{"level":"INFO","message":"[5:16:22.565 PM]: Connection[id: 0fc1a79f-2980-4c9e-9ad1-aff522009e72] - authentication successful using: PROGRAMMATIC_ACCESS_TOKEN"}
{"level":"INFO","message":"[5:16:23.552 PM]: Connection[id: 0fc1a79f-2980-4c9e-9ad1-aff522009e72] - connection established successfully after 999.91 milliseconds"}
{"level":"INFO","message":"[5:16:42.476 PM]: Creating new connection object"}
{"level":"INFO","message":"[5:16:42.518 PM]: Creating Connection[id: 59107116-360e-499e-8649-81ce0753164e] with host: ngjuiph-sob34377.snowflakecomputing.com, account: ngjuiph-sob34377, accessUrl: https://ngjuiph-sob34377.snowflakecomputing.com, user: RE2_INGEST_BOT, role: undefined, database: RE2_ANALYTICS, schema: STAGING_PROD, warehouse: COMPUTE_WH, proxy was not configured, password is not provided, region: undefined, authenticator: PROGRAMMATIC_ACCESS_TOKEN, ocsp mode: FAIL_OPEN, os: win32, os version: 10.0.26200"}
{"level":"INFO","message":"[5:16:42.519 PM]: Connection[id: 59107116-360e-499e-8649-81ce0753164e] additional details: passcode in password is provided, passcode is not provided, private key is not provided, application: undefined, client name: snowflake-sdk, client version: 2.4.3, retry timeout: 300, private key path: undefined, private key pass is not provided, client store temporary credential: false, browser response timeout: 120000"}
{"level":"INFO","message":"[5:16:42.519 PM]: Connection[id: 59107116-360e-499e-8649-81ce0753164e] - connection object created successfully."}
{"level":"INFO","message":"[5:16:42.520 PM]: Connection[id: 59107116-360e-499e-8649-81ce0753164e] - async connecting. Associated Snowflake domain: GLOBAL"}
{"level":"INFO","message":"[5:16:42.522 PM]: Trying to initialize Easy Logging"}
{"level":"INFO","message":"[5:16:42.540 PM]: No client config detected."}
{"level":"INFO","message":"[5:16:42.541 PM]: No config file path found. Client config will not be used."}
{"level":"INFO","message":"[5:16:42.541 PM]: Easy Logging is disabled as no config has been found"}
{"level":"INFO","message":"[5:16:42.542 PM]: Connection[id: 59107116-360e-499e-8649-81ce0753164e] - authentication successful using: PROGRAMMATIC_ACCESS_TOKEN"}
{"level":"INFO","message":"[5:16:43.552 PM]: Connection[id: 59107116-360e-499e-8649-81ce0753164e] - connection established successfully after 1031.45 milliseconds"}
{"level":"INFO","message":"[5:16:57.526 PM]: Creating new connection object"}
{"level":"INFO","message":"[5:16:57.560 PM]: Creating Connection[id: dd8ab634-d29c-4bac-b897-89e3d962d0b9] with host: ngjuiph-sob34377.snowflakecomputing.com, account: ngjuiph-sob34377, accessUrl: https://ngjuiph-sob34377.snowflakecomputing.com, user: RE2_INGEST_BOT, role: undefined, database: RE2_ANALYTICS, schema: STAGING_PROD, warehouse: undefined, proxy was not configured, password is not provided, region: undefined, authenticator: PROGRAMMATIC_ACCESS_TOKEN, ocsp mode: FAIL_OPEN, os: win32, os version: 10.0.26200"}
{"level":"INFO","message":"[5:16:57.561 PM]: Connection[id: dd8ab634-d29c-4bac-b897-89e3d962d0b9] additional details: passcode in password is provided, passcode is not provided, private key is not provided, application: undefined, client name: snowflake-sdk, client version: 2.4.3, retry timeout: 300, private key path: undefined, private key pass is not provided, client store temporary credential: false, browser response timeout: 120000"}
{"level":"INFO","message":"[5:16:57.561 PM]: Connection[id: dd8ab634-d29c-4bac-b897-89e3d962d0b9] - connection object created successfully."}
{"level":"INFO","message":"[5:16:57.562 PM]: Connection[id: dd8ab634-d29c-4bac-b897-89e3d962d0b9] - async connecting. Associated Snowflake domain: GLOBAL"}
{"level":"INFO","message":"[5:16:57.563 PM]: Trying to initialize Easy Logging"}
{"level":"INFO","message":"[5:16:57.578 PM]: No client config detected."}
{"level":"INFO","message":"[5:16:57.579 PM]: No config file path found. Client config will not be used."}
{"level":"INFO","message":"[5:16:57.579 PM]: Easy Logging is disabled as no config has been found"}
{"level":"INFO","message":"[5:16:57.580 PM]: Connection[id: dd8ab634-d29c-4bac-b897-89e3d962d0b9] - authentication successful using: PROGRAMMATIC_ACCESS_TOKEN"}
{"level":"INFO","message":"[5:16:58.406 PM]: Connection[id: dd8ab634-d29c-4bac-b897-89e3d962d0b9] - connection established successfully after 843.36 milliseconds"}
{"level":"INFO","message":"[5:17:15.860 PM]: Creating new connection object"}
{"level":"INFO","message":"[5:17:15.893 PM]: Creating Connection[id: 989b6184-8bee-46ed-bb45-861f5134d406] with host: ngjuiph-sob34377.snowflakecomputing.com, account: ngjuiph-sob34377, accessUrl: https://ngjuiph-sob34377.snowflakecomputing.com, user: RE2_INGEST_BOT, role: undefined, database: RE2_ANALYTICS, schema: STAGING_PROD, warehouse: RE2_COMPUTE_WH, proxy was not configured, password is not provided, region: undefined, authenticator: PROGRAMMATIC_ACCESS_TOKEN, ocsp mode: FAIL_OPEN, os: win32, os version: 10.0.26200"}
{"level":"INFO","message":"[5:17:15.894 PM]: Connection[id: 989b6184-8bee-46ed-bb45-861f5134d406] additional details: passcode in password is provided, passcode is not provided, private key is not provided, application: undefined, client name: snowflake-sdk, client version: 2.4.3, retry timeout: 300, private key path: undefined, private key pass is not provided, client store temporary credential: false, browser response timeout: 120000"}
{"level":"INFO","message":"[5:17:15.894 PM]: Connection[id: 989b6184-8bee-46ed-bb45-861f5134d406] - connection object created successfully."}
{"level":"INFO","message":"[5:17:15.895 PM]: Connection[id: 989b6184-8bee-46ed-bb45-861f5134d406] - async connecting. Associated Snowflake domain: GLOBAL"}
{"level":"INFO","message":"[5:17:15.896 PM]: Trying to initialize Easy Logging"}
{"level":"INFO","message":"[5:17:15.912 PM]: No client config detected."}
{"level":"INFO","message":"[5:17:15.913 PM]: No config file path found. Client config will not be used."}
{"level":"INFO","message":"[5:17:15.913 PM]: Easy Logging is disabled as no config has been found"}
{"level":"INFO","message":"[5:17:15.914 PM]: Connection[id: 989b6184-8bee-46ed-bb45-861f5134d406] - authentication successful using: PROGRAMMATIC_ACCESS_TOKEN"}
{"level":"INFO","message":"[5:17:16.894 PM]: Connection[id: 989b6184-8bee-46ed-bb45-861f5134d406] - connection established successfully after 998.94 milliseconds"}
{"level":"INFO","message":"[5:31:00.094 PM]: Creating new connection object"}
{"level":"INFO","message":"[5:31:00.113 PM]: Creating Connection[id: 659a9d45-7255-4bab-a6f3-7c87bad6ecad] with host: ngjuiph-sob34377.snowflakecomputing.com, account: ngjuiph-sob34377, accessUrl: https://ngjuiph-sob34377.snowflakecomputing.com, user: RE2_INGEST_BOT, role: undefined, database: RE2_ANALYTICS, schema: STAGING_PROD, warehouse: RE2_COMPUTE_WH, proxy was not configured, password is not provided, region: undefined, authenticator: PROGRAMMATIC_ACCESS_TOKEN, ocsp mode: FAIL_OPEN, os: win32, os version: 10.0.26200"}
{"level":"INFO","message":"[5:31:00.114 PM]: Connection[id: 659a9d45-7255-4bab-a6f3-7c87bad6ecad] additional details: passcode in password is provided, passcode is not provided, private key is not provided, application: undefined, client name: snowflake-sdk, client version: 2.4.3, retry timeout: 300, private key path: undefined, private key pass is not provided, client store temporary credential: false, browser response timeout: 120000"}
{"level":"INFO","message":"[5:31:00.114 PM]: Connection[id: 659a9d45-7255-4bab-a6f3-7c87bad6ecad] - connection object created successfully."}
{"level":"INFO","message":"[5:31:00.115 PM]: Connection[id: 659a9d45-7255-4bab-a6f3-7c87bad6ecad] - async connecting. Associated Snowflake domain: GLOBAL"}
{"level":"INFO","message":"[5:31:00.115 PM]: Trying to initialize Easy Logging"}
{"level":"INFO","message":"[5:31:00.125 PM]: No client config detected."}
{"level":"INFO","message":"[5:31:00.125 PM]: No config file path found. Client config will not be used."}
{"level":"INFO","message":"[5:31:00.125 PM]: Easy Logging is disabled as no config has been found"}
{"level":"INFO","message":"[5:31:00.126 PM]: Connection[id: 659a9d45-7255-4bab-a6f3-7c87bad6ecad] - authentication successful using: PROGRAMMATIC_ACCESS_TOKEN"}
{"level":"INFO","message":"[5:31:01.079 PM]: Connection[id: 659a9d45-7255-4bab-a6f3-7c87bad6ecad] - connection established successfully after 964.14 milliseconds"}
{"level":"INFO","message":"[5:31:14.267 PM]: Creating new connection object"}
{"level":"INFO","message":"[5:31:14.286 PM]: Creating Connection[id: 5510a6c7-e57d-4da3-b715-48cbb74bb7f8] with host: ngjuiph-sob34377.snowflakecomputing.com, account: ngjuiph-sob34377, accessUrl: https://ngjuiph-sob34377.snowflakecomputing.com, user: RE2_INGEST_BOT, role: undefined, database: RE2_ANALYTICS, schema: STAGING_PROD, warehouse: RE2_COMPUTE_WH, proxy was not configured, password is not provided, region: undefined, authenticator: PROGRAMMATIC_ACCESS_TOKEN, ocsp mode: FAIL_OPEN, os: win32, os version: 10.0.26200"}
{"level":"INFO","message":"[5:31:14.287 PM]: Connection[id: 5510a6c7-e57d-4da3-b715-48cbb74bb7f8] additional details: passcode in password is provided, passcode is not provided, private key is not provided, application: undefined, client name: snowflake-sdk, client version: 2.4.3, retry timeout: 300, private key path: undefined, private key pass is not provided, client store temporary credential: false, browser response timeout: 120000"}
{"level":"INFO","message":"[5:31:14.287 PM]: Connection[id: 5510a6c7-e57d-4da3-b715-48cbb74bb7f8] - connection object created successfully."}
{"level":"INFO","message":"[5:31:14.288 PM]: Connection[id: 5510a6c7-e57d-4da3-b715-48cbb74bb7f8] - async connecting. Associated Snowflake domain: GLOBAL"}
{"level":"INFO","message":"[5:31:14.288 PM]: Trying to initialize Easy Logging"}
{"level":"INFO","message":"[5:31:14.299 PM]: No client config detected."}
{"level":"INFO","message":"[5:31:14.299 PM]: No config file path found. Client config will not be used."}
{"level":"INFO","message":"[5:31:14.299 PM]: Easy Logging is disabled as no config has been found"}
{"level":"INFO","message":"[5:31:14.300 PM]: Connection[id: 5510a6c7-e57d-4da3-b715-48cbb74bb7f8] - authentication successful using: PROGRAMMATIC_ACCESS_TOKEN"}
{"level":"INFO","message":"[5:31:14.961 PM]: Connection[id: 5510a6c7-e57d-4da3-b715-48cbb74bb7f8] - connection established successfully after 673.12 milliseconds"}
{"level":"INFO","message":"[5:31:27.889 PM]: Creating new connection object"}
{"level":"INFO","message":"[5:31:27.909 PM]: Creating Connection[id: 7df35cdd-4ee5-45b0-b836-f1e760de7926] with host: ngjuiph-sob34377.snowflakecomputing.com, account: ngjuiph-sob34377, accessUrl: https://ngjuiph-sob34377.snowflakecomputing.com, user: RE2_INGEST_BOT, role: undefined, database: RE2_ANALYTICS, schema: STAGING_PROD, warehouse: RE2_COMPUTE_WH, proxy was not configured, password is not provided, region: undefined, authenticator: PROGRAMMATIC_ACCESS_TOKEN, ocsp mode: FAIL_OPEN, os: win32, os version: 10.0.26200"}
{"level":"INFO","message":"[5:31:27.910 PM]: Connection[id: 7df35cdd-4ee5-45b0-b836-f1e760de7926] additional details: passcode in password is provided, passcode is not provided, private key is not provided, application: undefined, client name: snowflake-sdk, client version: 2.4.3, retry timeout: 300, private key path: undefined, private key pass is not provided, client store temporary credential: false, browser response timeout: 120000"}
{"level":"INFO","message":"[5:31:27.911 PM]: Connection[id: 7df35cdd-4ee5-45b0-b836-f1e760de7926] - connection object created successfully."}
{"level":"INFO","message":"[5:31:27.911 PM]: Connection[id: 7df35cdd-4ee5-45b0-b836-f1e760de7926] - async connecting. Associated Snowflake domain: GLOBAL"}
{"level":"INFO","message":"[5:31:27.912 PM]: Trying to initialize Easy Logging"}
{"level":"INFO","message":"[5:31:27.922 PM]: No client config detected."}
{"level":"INFO","message":"[5:31:27.922 PM]: No config file path found. Client config will not be used."}
{"level":"INFO","message":"[5:31:27.922 PM]: Easy Logging is disabled as no config has been found"}
{"level":"INFO","message":"[5:31:27.923 PM]: Connection[id: 7df35cdd-4ee5-45b0-b836-f1e760de7926] - authentication successful using: PROGRAMMATIC_ACCESS_TOKEN"}
{"level":"INFO","message":"[5:31:28.953 PM]: Connection[id: 7df35cdd-4ee5-45b0-b836-f1e760de7926] - connection established successfully after 1042.08 milliseconds"}
{"level":"INFO","message":"[5:31:41.313 PM]: Creating new connection object"}
{"level":"INFO","message":"[5:31:41.331 PM]: Creating Connection[id: 5f184fcc-5630-497b-b903-3861e2b320d2] with host: ngjuiph-sob34377.snowflakecomputing.com, account: ngjuiph-sob34377, accessUrl: https://ngjuiph-sob34377.snowflakecomputing.com, user: RE2_INGEST_BOT, role: undefined, database: RE2_ANALYTICS, schema: STAGING_PROD, warehouse: RE2_COMPUTE_WH, proxy was not configured, password is not provided, region: undefined, authenticator: PROGRAMMATIC_ACCESS_TOKEN, ocsp mode: FAIL_OPEN, os: win32, os version: 10.0.26200"}
{"level":"INFO","message":"[5:31:41.332 PM]: Connection[id: 5f184fcc-5630-497b-b903-3861e2b320d2] additional details: passcode in password is provided, passcode is not provided, private key is not provided, application: undefined, client name: snowflake-sdk, client version: 2.4.3, retry timeout: 300, private key path: undefined, private key pass is not provided, client store temporary credential: false, browser response timeout: 120000"}
{"level":"INFO","message":"[5:31:41.332 PM]: Connection[id: 5f184fcc-5630-497b-b903-3861e2b320d2] - connection object created successfully."}
{"level":"INFO","message":"[5:31:41.333 PM]: Connection[id: 5f184fcc-5630-497b-b903-3861e2b320d2] - async connecting. Associated Snowflake domain: GLOBAL"}
{"level":"INFO","message":"[5:31:41.333 PM]: Trying to initialize Easy Logging"}
{"level":"INFO","message":"[5:31:41.345 PM]: No client config detected."}
{"level":"INFO","message":"[5:31:41.345 PM]: No config file path found. Client config will not be used."}
{"level":"INFO","message":"[5:31:41.345 PM]: Easy Logging is disabled as no config has been found"}
{"level":"INFO","message":"[5:31:41.346 PM]: Connection[id: 5f184fcc-5630-497b-b903-3861e2b320d2] - authentication successful using: PROGRAMMATIC_ACCESS_TOKEN"}
{"level":"INFO","message":"[5:31:42.343 PM]: Connection[id: 5f184fcc-5630-497b-b903-3861e2b320d2] - connection established successfully after 1010.1 milliseconds"}
{"level":"INFO","message":"[5:31:56.377 PM]: Creating new connection object"}
{"level":"INFO","message":"[5:31:56.397 PM]: Creating Connection[id: f827da6d-4b72-47fb-a548-9b54b781f1b4] with host: ngjuiph-sob34377.snowflakecomputing.com, account: ngjuiph-sob34377, accessUrl: https://ngjuiph-sob34377.snowflakecomputing.com, user: RE2_INGEST_BOT, role: undefined, database: RE2_ANALYTICS, schema: STAGING_PROD, warehouse: RE2_COMPUTE_WH, proxy was not configured, password is not provided, region: undefined, authenticator: PROGRAMMATIC_ACCESS_TOKEN, ocsp mode: FAIL_OPEN, os: win32, os version: 10.0.26200"}
{"level":"INFO","message":"[5:31:56.397 PM]: Connection[id: f827da6d-4b72-47fb-a548-9b54b781f1b4] additional details: passcode in password is provided, passcode is not provided, private key is not provided, application: undefined, client name: snowflake-sdk, client version: 2.4.3, retry timeout: 300, private key path: undefined, private key pass is not provided, client store temporary credential: false, browser response timeout: 120000"}
{"level":"INFO","message":"[5:31:56.398 PM]: Connection[id: f827da6d-4b72-47fb-a548-9b54b781f1b4] - connection object created successfully."}
{"level":"INFO","message":"[5:31:56.398 PM]: Connection[id: f827da6d-4b72-47fb-a548-9b54b781f1b4] - async connecting. Associated Snowflake domain: GLOBAL"}
{"level":"INFO","message":"[5:31:56.399 PM]: Trying to initialize Easy Logging"}
{"level":"INFO","message":"[5:31:56.413 PM]: No client config detected."}
{"level":"INFO","message":"[5:31:56.413 PM]: No config file path found. Client config will not be used."}
{"level":"INFO","message":"[5:31:56.414 PM]: Easy Logging is disabled as no config has been found"}
{"level":"INFO","message":"[5:31:56.414 PM]: Connection[id: f827da6d-4b72-47fb-a548-9b54b781f1b4] - authentication successful using: PROGRAMMATIC_ACCESS_TOKEN"}
{"level":"INFO","message":"[5:31:57.199 PM]: Connection[id: f827da6d-4b72-47fb-a548-9b54b781f1b4] - connection established successfully after 800.81 milliseconds"}
{"level":"INFO","message":"[5:38:39.900 PM]: Creating new connection object"}
{"level":"INFO","message":"[5:38:39.923 PM]: Creating Connection[id: de5515ad-944e-47ac-bf63-c46048801eb3] with host: ngjuiph-sob34377.snowflakecomputing.com, account: ngjuiph-sob34377, accessUrl: https://ngjuiph-sob34377.snowflakecomputing.com, user: RE2_INGEST_BOT, role: undefined, database: RE2_ANALYTICS, schema: STAGING_PROD, warehouse: RE2_COMPUTE_WH, proxy was not configured, password is not provided, region: undefined, authenticator: PROGRAMMATIC_ACCESS_TOKEN, ocsp mode: FAIL_OPEN, os: win32, os version: 10.0.26200"}
{"level":"INFO","message":"[5:38:39.924 PM]: Connection[id: de5515ad-944e-47ac-bf63-c46048801eb3] additional details: passcode in password is provided, passcode is not provided, private key is not provided, application: undefined, client name: snowflake-sdk, client version: 2.4.3, retry timeout: 300, private key path: undefined, private key pass is not provided, client store temporary credential: false, browser response timeout: 120000"}
{"level":"INFO","message":"[5:38:39.924 PM]: Connection[id: de5515ad-944e-47ac-bf63-c46048801eb3] - connection object created successfully."}
{"level":"INFO","message":"[5:38:39.925 PM]: Connection[id: de5515ad-944e-47ac-bf63-c46048801eb3] - async connecting. Associated Snowflake domain: GLOBAL"}
{"level":"INFO","message":"[5:38:39.925 PM]: Trying to initialize Easy Logging"}
{"level":"INFO","message":"[5:38:39.934 PM]: No client config detected."}
{"level":"INFO","message":"[5:38:39.935 PM]: No config file path found. Client config will not be used."}
{"level":"INFO","message":"[5:38:39.935 PM]: Easy Logging is disabled as no config has been found"}
{"level":"INFO","message":"[5:38:39.936 PM]: Connection[id: de5515ad-944e-47ac-bf63-c46048801eb3] - authentication successful using: PROGRAMMATIC_ACCESS_TOKEN"}
{"level":"INFO","message":"[5:38:40.746 PM]: Connection[id: de5515ad-944e-47ac-bf63-c46048801eb3] - connection established successfully after 821.2 milliseconds"}
{"level":"INFO","message":"[5:40:18.855 PM]: Creating new connection object"}
{"level":"INFO","message":"[5:40:18.875 PM]: Creating Connection[id: e7a1804f-aeed-4bb1-8043-0f82698979d4] with host: ngjuiph-sob34377.snowflakecomputing.com, account: ngjuiph-sob34377, accessUrl: https://ngjuiph-sob34377.snowflakecomputing.com, user: RE2_INGEST_BOT, role: undefined, database: RE2_ANALYTICS, schema: STAGING_PROD, warehouse: RE2_COMPUTE_WH, proxy was not configured, password is not provided, region: undefined, authenticator: PROGRAMMATIC_ACCESS_TOKEN, ocsp mode: FAIL_OPEN, os: win32, os version: 10.0.26200"}
{"level":"INFO","message":"[5:40:18.875 PM]: Connection[id: e7a1804f-aeed-4bb1-8043-0f82698979d4] additional details: passcode in password is provided, passcode is not provided, private key is not provided, application: undefined, client name: snowflake-sdk, client version: 2.4.3, retry timeout: 300, private key path: undefined, private key pass is not provided, client store temporary credential: false, browser response timeout: 120000"}
{"level":"INFO","message":"[5:40:18.876 PM]: Connection[id: e7a1804f-aeed-4bb1-8043-0f82698979d4] - connection object created successfully."}
{"level":"INFO","message":"[5:40:18.876 PM]: Connection[id: e7a1804f-aeed-4bb1-8043-0f82698979d4] - async connecting. Associated Snowflake domain: GLOBAL"}
{"level":"INFO","message":"[5:40:18.877 PM]: Trying to initialize Easy Logging"}
{"level":"INFO","message":"[5:40:18.884 PM]: No client config detected."}
{"level":"INFO","message":"[5:40:18.885 PM]: No config file path found. Client config will not be used."}
{"level":"INFO","message":"[5:40:18.885 PM]: Easy Logging is disabled as no config has been found"}
{"level":"INFO","message":"[5:40:18.885 PM]: Connection[id: e7a1804f-aeed-4bb1-8043-0f82698979d4] - authentication successful using: PROGRAMMATIC_ACCESS_TOKEN"}
{"level":"INFO","message":"[5:40:19.809 PM]: Connection[id: e7a1804f-aeed-4bb1-8043-0f82698979d4] - connection established successfully after 932.72 milliseconds"}
{"level":"INFO","message":"[5:42:21.431 PM]: Creating new connection object"}
{"level":"INFO","message":"[5:42:21.450 PM]: Creating Connection[id: bd2feaa7-59d5-4764-9e37-39f1be04ce0f] with host: ngjuiph-sob34377.snowflakecomputing.com, account: ngjuiph-sob34377, accessUrl: https://ngjuiph-sob34377.snowflakecomputing.com, user: RE2_INGEST_BOT, role: undefined, database: RE2_ANALYTICS, schema: STAGING_PROD, warehouse: RE2_COMPUTE_WH, proxy was not configured, password is not provided, region: undefined, authenticator: PROGRAMMATIC_ACCESS_TOKEN, ocsp mode: FAIL_OPEN, os: win32, os version: 10.0.26200"}
{"level":"INFO","message":"[5:42:21.450 PM]: Connection[id: bd2feaa7-59d5-4764-9e37-39f1be04ce0f] additional details: passcode in password is provided, passcode is not provided, private key is not provided, application: undefined, client name: snowflake-sdk, client version: 2.4.3, retry timeout: 300, private key path: undefined, private key pass is not provided, client store temporary credential: false, browser response timeout: 120000"}
{"level":"INFO","message":"[5:42:21.451 PM]: Connection[id: bd2feaa7-59d5-4764-9e37-39f1be04ce0f] - connection object created successfully."}
{"level":"INFO","message":"[5:42:21.451 PM]: Connection[id: bd2feaa7-59d5-4764-9e37-39f1be04ce0f] - async connecting. Associated Snowflake domain: GLOBAL"}
{"level":"INFO","message":"[5:42:21.452 PM]: Trying to initialize Easy Logging"}
{"level":"INFO","message":"[5:42:21.462 PM]: No client config detected."}
{"level":"INFO","message":"[5:42:21.462 PM]: No config file path found. Client config will not be used."}
{"level":"INFO","message":"[5:42:21.462 PM]: Easy Logging is disabled as no config has been found"}
{"level":"INFO","message":"[5:42:21.463 PM]: Connection[id: bd2feaa7-59d5-4764-9e37-39f1be04ce0f] - authentication successful using: PROGRAMMATIC_ACCESS_TOKEN"}
{"level":"INFO","message":"[5:42:22.318 PM]: Connection[id: bd2feaa7-59d5-4764-9e37-39f1be04ce0f] - connection established successfully after 867.3 milliseconds"}
{"level":"INFO","message":"[5:42:33.391 PM]: Creating new connection object"}
{"level":"INFO","message":"[5:42:33.410 PM]: Creating Connection[id: ddf00a83-a6c5-4211-8b4e-ff592d84d0fa] with host: ngjuiph-sob34377.snowflakecomputing.com, account: ngjuiph-sob34377, accessUrl: https://ngjuiph-sob34377.snowflakecomputing.com, user: RE2_INGEST_BOT, role: undefined, database: RE2_ANALYTICS, schema: STAGING_PROD, warehouse: RE2_COMPUTE_WH, proxy was not configured, password is not provided, region: undefined, authenticator: PROGRAMMATIC_ACCESS_TOKEN, ocsp mode: FAIL_OPEN, os: win32, os version: 10.0.26200"}
{"level":"INFO","message":"[5:42:33.411 PM]: Connection[id: ddf00a83-a6c5-4211-8b4e-ff592d84d0fa] additional details: passcode in password is provided, passcode is not provided, private key is not provided, application: undefined, client name: snowflake-sdk, client version: 2.4.3, retry timeout: 300, private key path: undefined, private key pass is not provided, client store temporary credential: false, browser response timeout: 120000"}
{"level":"INFO","message":"[5:42:33.411 PM]: Connection[id: ddf00a83-a6c5-4211-8b4e-ff592d84d0fa] - connection object created successfully."}
{"level":"INFO","message":"[5:42:33.412 PM]: Connection[id: ddf00a83-a6c5-4211-8b4e-ff592d84d0fa] - async connecting. Associated Snowflake domain: GLOBAL"}
{"level":"INFO","message":"[5:42:33.412 PM]: Trying to initialize Easy Logging"}
{"level":"INFO","message":"[5:42:33.423 PM]: No client config detected."}
{"level":"INFO","message":"[5:42:33.424 PM]: No config file path found. Client config will not be used."}
{"level":"INFO","message":"[5:42:33.424 PM]: Easy Logging is disabled as no config has been found"}
{"level":"INFO","message":"[5:42:33.425 PM]: Connection[id: ddf00a83-a6c5-4211-8b4e-ff592d84d0fa] - authentication successful using: PROGRAMMATIC_ACCESS_TOKEN"}
{"level":"INFO","message":"[5:42:34.201 PM]: Connection[id: ddf00a83-a6c5-4211-8b4e-ff592d84d0fa] - connection established successfully after 789.54 milliseconds"}
{"level":"INFO","message":"[8:01:27.730 AM]: Creating new connection object"}
{"level":"INFO","message":"[8:01:27.761 AM]: Creating Connection[id: aabeabcd-3b4e-4117-8e3f-ee5620815687] with host: ngjuiph-sob34377.snowflakecomputing.com, account: ngjuiph-sob34377, accessUrl: https://ngjuiph-sob34377.snowflakecomputing.com, user: RE2_INGEST_BOT, role: undefined, database: RE2_ANALYTICS, schema: STAGING_PROD, warehouse: RE2_COMPUTE_WH, proxy was not configured, password is not provided, region: undefined, authenticator: PROGRAMMATIC_ACCESS_TOKEN, ocsp mode: FAIL_OPEN, os: win32, os version: 10.0.26200"}
{"level":"INFO","message":"[8:01:27.763 AM]: Connection[id: aabeabcd-3b4e-4117-8e3f-ee5620815687] additional details: passcode in password is provided, passcode is not provided, private key is not provided, application: undefined, client name: snowflake-sdk, client version: 2.4.3, retry timeout: 300, private key path: undefined, private key pass is not provided, client store temporary credential: false, browser response timeout: 120000"}
{"level":"INFO","message":"[8:01:27.763 AM]: Connection[id: aabeabcd-3b4e-4117-8e3f-ee5620815687] - connection object created successfully."}
{"level":"INFO","message":"[8:01:27.764 AM]: Connection[id: aabeabcd-3b4e-4117-8e3f-ee5620815687] - async connecting. Associated Snowflake domain: GLOBAL"}
{"level":"INFO","message":"[8:01:27.765 AM]: Trying to initialize Easy Logging"}
{"level":"INFO","message":"[8:01:27.777 AM]: No client config detected."}
{"level":"INFO","message":"[8:01:27.777 AM]: No config file path found. Client config will not be used."}
{"level":"INFO","message":"[8:01:27.777 AM]: Easy Logging is disabled as no config has been found"}
{"level":"INFO","message":"[8:01:27.778 AM]: Connection[id: aabeabcd-3b4e-4117-8e3f-ee5620815687] - authentication successful using: PROGRAMMATIC_ACCESS_TOKEN"}
{"level":"INFO","message":"[8:01:29.477 AM]: Connection[id: aabeabcd-3b4e-4117-8e3f-ee5620815687] - connection established successfully after 1712.89 milliseconds"}
{"level":"INFO","message":"[8:43:31.878 AM]: Creating new connection object"}
{"level":"INFO","message":"[8:43:31.883 AM]: Creating Connection[id: 79d5013e-a78f-47ec-a43e-baa590289917] with host: ngjuiph-sob34377.snowflakecomputing.com, account: ngjuiph-sob34377, accessUrl: https://ngjuiph-sob34377.snowflakecomputing.com, user: RE2_INGEST_BOT, role: undefined, database: RE2_ANALYTICS, schema: STAGING_PROD, warehouse: RE2_COMPUTE_WH, proxy was not configured, password is not provided, region: undefined, authenticator: PROGRAMMATIC_ACCESS_TOKEN, ocsp mode: FAIL_OPEN, os: win32, os version: 10.0.26200"}
{"level":"INFO","message":"[8:43:31.884 AM]: Connection[id: 79d5013e-a78f-47ec-a43e-baa590289917] additional details: passcode in password is provided, passcode is not provided, private key is not provided, application: undefined, client name: snowflake-sdk, client version: 2.4.3, retry timeout: 300, private key path: undefined, private key pass is not provided, client store temporary credential: false, browser response timeout: 120000"}
{"level":"INFO","message":"[8:43:31.884 AM]: Connection[id: 79d5013e-a78f-47ec-a43e-baa590289917] - connection object created successfully."}
{"level":"INFO","message":"[8:43:31.885 AM]: Connection[id: 79d5013e-a78f-47ec-a43e-baa590289917] - async connecting. Associated Snowflake domain: GLOBAL"}
{"level":"INFO","message":"[8:43:31.885 AM]: Connection[id: 79d5013e-a78f-47ec-a43e-baa590289917] - authentication successful using: PROGRAMMATIC_ACCESS_TOKEN"}
{"level":"INFO","message":"[8:43:32.382 AM]: Connection[id: 79d5013e-a78f-47ec-a43e-baa590289917] - connection established successfully after 497.93 milliseconds"}
{"level":"INFO","message":"[8:44:57.406 AM]: Creating new connection object"}
{"level":"INFO","message":"[8:44:57.408 AM]: Creating Connection[id: 68be686e-72eb-4316-98cd-68e14a81b304] with host: ngjuiph-sob34377.snowflakecomputing.com, account: ngjuiph-sob34377, accessUrl: https://ngjuiph-sob34377.snowflakecomputing.com, user: RE2_INGEST_BOT, role: undefined, database: RE2_ANALYTICS, schema: STAGING_PROD, warehouse: RE2_COMPUTE_WH, proxy was not configured, password is not provided, region: undefined, authenticator: PROGRAMMATIC_ACCESS_TOKEN, ocsp mode: FAIL_OPEN, os: win32, os version: 10.0.26200"}
{"level":"INFO","message":"[8:44:57.409 AM]: Connection[id: 68be686e-72eb-4316-98cd-68e14a81b304] additional details: passcode in password is provided, passcode is not provided, private key is not provided, application: undefined, client name: snowflake-sdk, client version: 2.4.3, retry timeout: 300, private key path: undefined, private key pass is not provided, client store temporary credential: false, browser response timeout: 120000"}
{"level":"INFO","message":"[8:44:57.409 AM]: Connection[id: 68be686e-72eb-4316-98cd-68e14a81b304] - connection object created successfully."}
{"level":"INFO","message":"[8:44:57.410 AM]: Connection[id: 68be686e-72eb-4316-98cd-68e14a81b304] - async connecting. Associated Snowflake domain: GLOBAL"}
{"level":"INFO","message":"[8:44:57.410 AM]: Connection[id: 68be686e-72eb-4316-98cd-68e14a81b304] - authentication successful using: PROGRAMMATIC_ACCESS_TOKEN"}
{"level":"INFO","message":"[8:44:57.965 AM]: Connection[id: 68be686e-72eb-4316-98cd-68e14a81b304] - connection established successfully after 555.58 milliseconds"}
{"level":"INFO","message":"[8:44:58.465 AM]: Creating new connection object"}
{"level":"INFO","message":"[8:44:58.469 AM]: Creating Connection[id: b3e88666-2b1c-467e-8500-26e779338763] with host: ngjuiph-sob34377.snowflakecomputing.com, account: ngjuiph-sob34377, accessUrl: https://ngjuiph-sob34377.snowflakecomputing.com, user: RE2_INGEST_BOT, role: undefined, database: RE2_ANALYTICS, schema: STAGING_PROD, warehouse: RE2_COMPUTE_WH, proxy was not configured, password is not provided, region: undefined, authenticator: PROGRAMMATIC_ACCESS_TOKEN, ocsp mode: FAIL_OPEN, os: win32, os version: 10.0.26200"}
{"level":"INFO","message":"[8:44:58.470 AM]: Connection[id: b3e88666-2b1c-467e-8500-26e779338763] additional details: passcode in password is provided, passcode is not provided, private key is not provided, application: undefined, client name: snowflake-sdk, client version: 2.4.3, retry timeout: 300, private key path: undefined, private key pass is not provided, client store temporary credential: false, browser response timeout: 120000"}
{"level":"INFO","message":"[8:44:58.471 AM]: Connection[id: b3e88666-2b1c-467e-8500-26e779338763] - connection object created successfully."}
{"level":"INFO","message":"[8:44:58.472 AM]: Connection[id: b3e88666-2b1c-467e-8500-26e779338763] - async connecting. Associated Snowflake domain: GLOBAL"}
{"level":"INFO","message":"[8:44:58.473 AM]: Connection[id: b3e88666-2b1c-467e-8500-26e779338763] - authentication successful using: PROGRAMMATIC_ACCESS_TOKEN"}
{"level":"INFO","message":"[8:44:59.106 AM]: Connection[id: b3e88666-2b1c-467e-8500-26e779338763] - connection established successfully after 634.31 milliseconds"}
{"level":"INFO","message":"[9:01:49.812 AM]: Creating new connection object"}
{"level":"INFO","message":"[9:01:49.813 AM]: Creating Connection[id: b5d97552-5e3d-4e28-bd72-746556bb5c74] with host: ngjuiph-sob34377.snowflakecomputing.com, account: ngjuiph-sob34377, accessUrl: https://ngjuiph-sob34377.snowflakecomputing.com, user: RE2_INGEST_BOT, role: undefined, database: RE2_ANALYTICS, schema: STAGING_PROD, warehouse: RE2_COMPUTE_WH, proxy was not configured, password is not provided, region: undefined, authenticator: PROGRAMMATIC_ACCESS_TOKEN, ocsp mode: FAIL_OPEN, os: win32, os version: 10.0.26200"}
{"level":"INFO","message":"[9:01:49.814 AM]: Connection[id: b5d97552-5e3d-4e28-bd72-746556bb5c74] additional details: passcode in password is provided, passcode is not provided, private key is not provided, application: undefined, client name: snowflake-sdk, client version: 2.4.3, retry timeout: 300, private key path: undefined, private key pass is not provided, client store temporary credential: false, browser response timeout: 120000"}
{"level":"INFO","message":"[9:01:49.814 AM]: Connection[id: b5d97552-5e3d-4e28-bd72-746556bb5c74] - connection object created successfully."}
{"level":"INFO","message":"[9:01:49.814 AM]: Connection[id: b5d97552-5e3d-4e28-bd72-746556bb5c74] - async connecting. Associated Snowflake domain: GLOBAL"}
{"level":"INFO","message":"[9:01:49.814 AM]: Connection[id: b5d97552-5e3d-4e28-bd72-746556bb5c74] - authentication successful using: PROGRAMMATIC_ACCESS_TOKEN"}
{"level":"INFO","message":"[9:01:51.116 AM]: Connection[id: b5d97552-5e3d-4e28-bd72-746556bb5c74] - connection established successfully after 1301.64 milliseconds"}
{"level":"INFO","message":"[9:01:52.018 AM]: Creating new connection object"}
{"level":"INFO","message":"[9:01:52.020 AM]: Creating Connection[id: b068cec5-483e-4de8-8589-51a08fe14028] with host: ngjuiph-sob34377.snowflakecomputing.com, account: ngjuiph-sob34377, accessUrl: https://ngjuiph-sob34377.snowflakecomputing.com, user: RE2_INGEST_BOT, role: undefined, database: RE2_ANALYTICS, schema: STAGING_PROD, warehouse: RE2_COMPUTE_WH, proxy was not configured, password is not provided, region: undefined, authenticator: PROGRAMMATIC_ACCESS_TOKEN, ocsp mode: FAIL_OPEN, os: win32, os version: 10.0.26200"}
{"level":"INFO","message":"[9:01:52.021 AM]: Connection[id: b068cec5-483e-4de8-8589-51a08fe14028] additional details: passcode in password is provided, passcode is not provided, private key is not provided, application: undefined, client name: snowflake-sdk, client version: 2.4.3, retry timeout: 300, private key path: undefined, private key pass is not provided, client store temporary credential: false, browser response timeout: 120000"}
{"level":"INFO","message":"[9:01:52.021 AM]: Connection[id: b068cec5-483e-4de8-8589-51a08fe14028] - connection object created successfully."}
{"level":"INFO","message":"[9:01:52.022 AM]: Connection[id: b068cec5-483e-4de8-8589-51a08fe14028] - async connecting. Associated Snowflake domain: GLOBAL"}
{"level":"INFO","message":"[9:01:52.022 AM]: Connection[id: b068cec5-483e-4de8-8589-51a08fe14028] - authentication successful using: PROGRAMMATIC_ACCESS_TOKEN"}
{"level":"INFO","message":"[9:01:52.741 AM]: Connection[id: b068cec5-483e-4de8-8589-51a08fe14028] - connection established successfully after 719.5 milliseconds"}
{"level":"INFO","message":"[6:45:19.108 PM]: Creating new connection object"}
{"level":"INFO","message":"[6:45:19.161 PM]: Creating Connection[id: 9dee6f27-e03a-43c4-91ab-a65337feacc4] with host: ngjuiph-sob34377.snowflakecomputing.com, account: ngjuiph-sob34377, accessUrl: https://ngjuiph-sob34377.snowflakecomputing.com, user: RE2_INGEST_BOT, role: undefined, database: RE2_ANALYTICS, schema: STAGING_PROD, warehouse: RE2_COMPUTE_WH, proxy was not configured, password is not provided, region: undefined, authenticator: PROGRAMMATIC_ACCESS_TOKEN, ocsp mode: FAIL_OPEN, os: win32, os version: 10.0.26200"}
{"level":"INFO","message":"[6:45:19.163 PM]: Connection[id: 9dee6f27-e03a-43c4-91ab-a65337feacc4] additional details: passcode in password is provided, passcode is not provided, private key is not provided, application: undefined, client name: snowflake-sdk, client version: 2.4.3, retry timeout: 300, private key path: undefined, private key pass is not provided, client store temporary credential: false, browser response timeout: 120000"}
{"level":"INFO","message":"[6:45:19.164 PM]: Connection[id: 9dee6f27-e03a-43c4-91ab-a65337feacc4] - connection object created successfully."}
{"level":"INFO","message":"[6:45:19.165 PM]: Connection[id: 9dee6f27-e03a-43c4-91ab-a65337feacc4] - async connecting. Associated Snowflake domain: GLOBAL"}
{"level":"INFO","message":"[6:45:19.167 PM]: Trying to initialize Easy Logging"}
{"level":"INFO","message":"[6:45:19.186 PM]: No client config detected."}
{"level":"INFO","message":"[6:45:19.187 PM]: No config file path found. Client config will not be used."}
{"level":"INFO","message":"[6:45:19.187 PM]: Easy Logging is disabled as no config has been found"}
{"level":"INFO","message":"[6:45:19.190 PM]: Connection[id: 9dee6f27-e03a-43c4-91ab-a65337feacc4] - authentication successful using: PROGRAMMATIC_ACCESS_TOKEN"}
{"level":"ERROR","message":"[6:45:20.474 PM]: Connection[id: 9dee6f27-e03a-43c4-91ab-a65337feacc4] - connection failed after 1308.99 milliseconds. Error: Incoming request with IP/Token 204.194.186.18 is not allowed to access Snowflake. Contact your account administrator. For more information about this error, go to https://community.snowflake.com/s/ip-xxxxxxxxxxxx-is-not-allowed-to-access."}
{"level":"INFO","message":"[6:45:20.482 PM]: Creating new connection object"}
{"level":"INFO","message":"[6:45:20.483 PM]: Creating Connection[id: d0e740b5-aed9-4d7d-bfb0-015308decef2] with host: ngjuiph-sob34377.snowflakecomputing.com, account: ngjuiph-sob34377, accessUrl: https://ngjuiph-sob34377.snowflakecomputing.com, user: RE2_INGEST_BOT, role: undefined, database: RE2_ANALYTICS, schema: STAGING_PROD, warehouse: RE2_COMPUTE_WH, proxy was not configured, password is not provided, region: undefined, authenticator: PROGRAMMATIC_ACCESS_TOKEN, ocsp mode: FAIL_OPEN, os: win32, os version: 10.0.26200"}
{"level":"INFO","message":"[6:45:20.484 PM]: Connection[id: d0e740b5-aed9-4d7d-bfb0-015308decef2] additional details: passcode in password is provided, passcode is not provided, private key is not provided, application: undefined, client name: snowflake-sdk, client version: 2.4.3, retry timeout: 300, private key path: undefined, private key pass is not provided, client store temporary credential: false, browser response timeout: 120000"}
{"level":"INFO","message":"[6:45:20.484 PM]: Connection[id: d0e740b5-aed9-4d7d-bfb0-015308decef2] - connection object created successfully."}
{"level":"INFO","message":"[6:45:20.484 PM]: Connection[id: d0e740b5-aed9-4d7d-bfb0-015308decef2] - async connecting. Associated Snowflake domain: GLOBAL"}
{"level":"INFO","message":"[6:45:20.485 PM]: Connection[id: d0e740b5-aed9-4d7d-bfb0-015308decef2] - authentication successful using: PROGRAMMATIC_ACCESS_TOKEN"}
{"level":"ERROR","message":"[6:45:20.806 PM]: Connection[id: d0e740b5-aed9-4d7d-bfb0-015308decef2] - connection failed after 321.32 milliseconds. Error: Incoming request with IP/Token 204.194.186.18 is not allowed to access Snowflake. Contact your account administrator. For more information about this error, go to https://community.snowflake.com/s/ip-xxxxxxxxxxxx-is-not-allowed-to-access."}
